 
****************************************
Report : cell
Design : registeredBasic
Version: U-2022.12-SP7
Date   : Sun Dec 24 12:56:33 2023
****************************************

Attributes:
    b - black box (unknown)
    h - hierarchical
    n - noncombinational
    p - parameterized
    r - removable
    u - contains unmapped logic

Cell                      Reference       Library             Area  Attributes
--------------------------------------------------------------------------------
AB                        genericRegister_N64             2497.535963
                                                                    h, n, p
basicMult                 basicMultiplier                 45034.905849
                                                                    h
finalOutput               genericRegister_N65             2462.515161
                                                                    h, n, p
--------------------------------------------------------------------------------
Total 3 cells                                             49994.956973
1
