 
****************************************
Report : area
Design : SequentialAll
Version: U-2022.12-SP7
Date   : Sun Dec 24 19:01:43 2023
****************************************

Information: Updating design information... (UID-85)
Library(s) Used:

    saed90nm_typ_ht (File: /home/user46/Downloads/Lab4/ref/models/saed90nm_typ_ht.db)

Number of ports:                         3907
Number of nets:                         12692
Number of cells:                         8820
Number of combinational cells:           8623
Number of sequential cells:               128
Number of macros/black boxes:               0
Number of buf/inv:                       1815
Number of references:                       4

Combinational area:              76211.712634
Buf/Inv area:                    10949.529821
Noncombinational area:            3185.049561
Macro/Black Box area:                0.000000
Net Interconnect area:            6963.198384

Total cell area:                 79396.762195
Total area:                      86359.960579
1
