 
****************************************
Report : cell
Design : boothMultiplier
Version: U-2022.12-SP7
Date   : Sun Dec 24 13:04:41 2023
****************************************

Attributes:
   BO - reference allows boundary optimization
    b - black box (unknown)
    h - hierarchical
    n - noncombinational
    r - removable
    u - contains unmapped logic

Cell                      Reference       Library             Area  Attributes
--------------------------------------------------------------------------------
Acc_reg[0]                DFFX1           saed90nm_typ_ht 24.883200 n
Acc_reg[1]                DFFX1           saed90nm_typ_ht 24.883200 n
Acc_reg[2]                DFFX1           saed90nm_typ_ht 24.883200 n
Acc_reg[3]                DFFX1           saed90nm_typ_ht 24.883200 n
Acc_reg[4]                DFFX1           saed90nm_typ_ht 24.883200 n
Acc_reg[5]                DFFX1           saed90nm_typ_ht 24.883200 n
Acc_reg[6]                DFFX1           saed90nm_typ_ht 24.883200 n
Acc_reg[7]                DFFX1           saed90nm_typ_ht 24.883200 n
Acc_reg[8]                DFFX1           saed90nm_typ_ht 24.883200 n
Acc_reg[9]                DFFX1           saed90nm_typ_ht 24.883200 n
Acc_reg[10]               DFFX1           saed90nm_typ_ht 24.883200 n
Acc_reg[11]               DFFX1           saed90nm_typ_ht 24.883200 n
Acc_reg[12]               DFFX1           saed90nm_typ_ht 24.883200 n
Acc_reg[13]               DFFX1           saed90nm_typ_ht 24.883200 n
Acc_reg[14]               DFFX1           saed90nm_typ_ht 24.883200 n
Acc_reg[15]               DFFX1           saed90nm_typ_ht 24.883200 n
Acc_reg[16]               DFFX1           saed90nm_typ_ht 24.883200 n
Acc_reg[17]               DFFX1           saed90nm_typ_ht 24.883200 n
Acc_reg[18]               DFFX1           saed90nm_typ_ht 24.883200 n
Acc_reg[19]               DFFX1           saed90nm_typ_ht 24.883200 n
Acc_reg[20]               DFFX1           saed90nm_typ_ht 24.883200 n
Acc_reg[21]               DFFX1           saed90nm_typ_ht 24.883200 n
Acc_reg[22]               DFFX1           saed90nm_typ_ht 24.883200 n
Acc_reg[23]               DFFX1           saed90nm_typ_ht 24.883200 n
Acc_reg[24]               DFFX1           saed90nm_typ_ht 24.883200 n
Acc_reg[25]               DFFX1           saed90nm_typ_ht 24.883200 n
Acc_reg[26]               DFFX1           saed90nm_typ_ht 24.883200 n
Acc_reg[27]               DFFX1           saed90nm_typ_ht 24.883200 n
Acc_reg[28]               DFFX1           saed90nm_typ_ht 24.883200 n
Acc_reg[29]               DFFX1           saed90nm_typ_ht 24.883200 n
Acc_reg[30]               DFFX1           saed90nm_typ_ht 24.883200 n
Acc_reg[31]               DFFX1           saed90nm_typ_ht 24.883200 n
Q_1_reg                   DFFX1           saed90nm_typ_ht 24.883200 n
Q_reg[0]                  DFFX1           saed90nm_typ_ht 24.883200 n
Q_reg[1]                  DFFX1           saed90nm_typ_ht 24.883200 n
Q_reg[2]                  DFFX1           saed90nm_typ_ht 24.883200 n
Q_reg[3]                  DFFX1           saed90nm_typ_ht 24.883200 n
Q_reg[4]                  DFFX1           saed90nm_typ_ht 24.883200 n
Q_reg[5]                  DFFX1           saed90nm_typ_ht 24.883200 n
Q_reg[6]                  DFFX1           saed90nm_typ_ht 24.883200 n
Q_reg[7]                  DFFX1           saed90nm_typ_ht 24.883200 n
Q_reg[8]                  DFFX1           saed90nm_typ_ht 24.883200 n
Q_reg[9]                  DFFX1           saed90nm_typ_ht 24.883200 n
Q_reg[10]                 DFFX1           saed90nm_typ_ht 24.883200 n
Q_reg[11]                 DFFX1           saed90nm_typ_ht 24.883200 n
Q_reg[12]                 DFFX1           saed90nm_typ_ht 24.883200 n
Q_reg[13]                 DFFX1           saed90nm_typ_ht 24.883200 n
Q_reg[14]                 DFFX1           saed90nm_typ_ht 24.883200 n
Q_reg[15]                 DFFX1           saed90nm_typ_ht 24.883200 n
Q_reg[16]                 DFFX1           saed90nm_typ_ht 24.883200 n
Q_reg[17]                 DFFX1           saed90nm_typ_ht 24.883200 n
Q_reg[18]                 DFFX1           saed90nm_typ_ht 24.883200 n
Q_reg[19]                 DFFX1           saed90nm_typ_ht 24.883200 n
Q_reg[20]                 DFFX1           saed90nm_typ_ht 24.883200 n
Q_reg[21]                 DFFX1           saed90nm_typ_ht 24.883200 n
Q_reg[22]                 DFFX1           saed90nm_typ_ht 24.883200 n
Q_reg[23]                 DFFX1           saed90nm_typ_ht 24.883200 n
Q_reg[24]                 DFFX1           saed90nm_typ_ht 24.883200 n
Q_reg[25]                 DFFX1           saed90nm_typ_ht 24.883200 n
Q_reg[26]                 DFFX1           saed90nm_typ_ht 24.883200 n
Q_reg[27]                 DFFX1           saed90nm_typ_ht 24.883200 n
Q_reg[28]                 DFFX1           saed90nm_typ_ht 24.883200 n
Q_reg[29]                 DFFX1           saed90nm_typ_ht 24.883200 n
Q_reg[30]                 DFFX1           saed90nm_typ_ht 24.883200 n
Q_reg[31]                 DFFX1           saed90nm_typ_ht 24.883200 n
U3                        AO22X1          saed90nm_typ_ht 11.980800 
U4                        AO22X1          saed90nm_typ_ht 11.980800 
U9                        AO22X1          saed90nm_typ_ht 11.980800 
U11                       AO22X1          saed90nm_typ_ht 11.980800 
U12                       AO22X1          saed90nm_typ_ht 11.980800 
U13                       AO22X1          saed90nm_typ_ht 11.980800 
U14                       AO22X1          saed90nm_typ_ht 11.980800 
U15                       AO22X1          saed90nm_typ_ht 11.980800 
U16                       AO22X1          saed90nm_typ_ht 11.980800 
U17                       AO22X1          saed90nm_typ_ht 11.980800 
U18                       AO22X1          saed90nm_typ_ht 11.980800 
U19                       AO22X1          saed90nm_typ_ht 11.980800 
U20                       AO22X1          saed90nm_typ_ht 11.980800 
U22                       AO22X1          saed90nm_typ_ht 11.980800 
U23                       AO22X1          saed90nm_typ_ht 11.980800 
U24                       AO22X1          saed90nm_typ_ht 11.980800 
U25                       AO22X1          saed90nm_typ_ht 11.980800 
U26                       AO22X1          saed90nm_typ_ht 11.980800 
U27                       AO22X1          saed90nm_typ_ht 11.980800 
U28                       AO22X1          saed90nm_typ_ht 11.980800 
U29                       AO22X1          saed90nm_typ_ht 11.980800 
U30                       AO22X1          saed90nm_typ_ht 11.980800 
U31                       AO22X1          saed90nm_typ_ht 11.980800 
U35                       AO22X1          saed90nm_typ_ht 11.980800 
U37                       AO22X1          saed90nm_typ_ht 11.980800 
U43                       AO22X1          saed90nm_typ_ht 11.980800 
U45                       AO22X1          saed90nm_typ_ht 11.980800 
U47                       AO22X1          saed90nm_typ_ht 11.980800 
U49                       AO22X1          saed90nm_typ_ht 11.980800 
U53                       AO22X1          saed90nm_typ_ht 11.980800 
U55                       AO22X1          saed90nm_typ_ht 11.980800 
U57                       AO22X1          saed90nm_typ_ht 11.980800 
U59                       AO22X1          saed90nm_typ_ht 11.980800 
U61                       AO22X1          saed90nm_typ_ht 11.980800 
U63                       AO22X1          saed90nm_typ_ht 11.980800 
U65                       AO22X1          saed90nm_typ_ht 11.980800 
U67                       AO22X1          saed90nm_typ_ht 11.980800 
U71                       AO22X1          saed90nm_typ_ht 11.980800 
U75                       AO22X1          saed90nm_typ_ht 11.980800 
U77                       AO22X1          saed90nm_typ_ht 11.980800 
U79                       AO22X1          saed90nm_typ_ht 11.980800 
U80                       AO22X1          saed90nm_typ_ht 11.980800 
U82                       AO22X1          saed90nm_typ_ht 11.980800 
U83                       AO22X1          saed90nm_typ_ht 11.980800 
U155                      AO22X1          saed90nm_typ_ht 11.980800 
U157                      AO22X1          saed90nm_typ_ht 11.980800 
U158                      AO22X1          saed90nm_typ_ht 11.980800 
U193                      AO22X1          saed90nm_typ_ht 11.980800 
U195                      NAND3X0         saed90nm_typ_ht 7.372800  
U196                      OR3X1           saed90nm_typ_ht 9.216000  
U199                      AO22X1          saed90nm_typ_ht 11.980800 
U265                      AO22X1          saed90nm_typ_ht 11.980800 
U269                      AO22X1          saed90nm_typ_ht 11.980800 
U271                      AO22X1          saed90nm_typ_ht 11.980800 
U273                      AO22X1          saed90nm_typ_ht 11.980800 
U275                      AO22X1          saed90nm_typ_ht 11.980800 
U278                      INVX0           saed90nm_typ_ht 5.529600  
U279                      INVX0           saed90nm_typ_ht 5.529600  
U280                      AND2X1          saed90nm_typ_ht 7.372800  
U281                      INVX0           saed90nm_typ_ht 5.529600  
U282                      MUX21X1         saed90nm_typ_ht 11.059200 
U283                      MUX21X1         saed90nm_typ_ht 11.059200 
U284                      MUX21X1         saed90nm_typ_ht 11.059200 
U285                      MUX21X1         saed90nm_typ_ht 11.059200 
U286                      MUX21X1         saed90nm_typ_ht 11.059200 
U287                      MUX21X1         saed90nm_typ_ht 11.059200 
U288                      AO22X1          saed90nm_typ_ht 11.980800 
U289                      AO22X1          saed90nm_typ_ht 11.980800 
U290                      AO22X1          saed90nm_typ_ht 11.980800 
U291                      AO22X1          saed90nm_typ_ht 11.980800 
U292                      AO22X1          saed90nm_typ_ht 11.980800 
U293                      AO22X1          saed90nm_typ_ht 11.980800 
U294                      AO22X1          saed90nm_typ_ht 11.980800 
U295                      AO22X1          saed90nm_typ_ht 11.980800 
U296                      AO22X1          saed90nm_typ_ht 11.980800 
U297                      AO22X1          saed90nm_typ_ht 11.980800 
U298                      AO22X1          saed90nm_typ_ht 11.980800 
U299                      AO22X1          saed90nm_typ_ht 11.980800 
U300                      AO22X1          saed90nm_typ_ht 11.980800 
U301                      AO22X1          saed90nm_typ_ht 11.980800 
U302                      AO22X1          saed90nm_typ_ht 11.980800 
U303                      MUX21X1         saed90nm_typ_ht 11.059200 
U304                      MUX21X1         saed90nm_typ_ht 11.059200 
U305                      MUX21X1         saed90nm_typ_ht 11.059200 
U306                      MUX21X1         saed90nm_typ_ht 11.059200 
U307                      NAND2X0         saed90nm_typ_ht 5.529600  
U308                      INVX1           saed90nm_typ_ht 6.451200  
U309                      INVX0           saed90nm_typ_ht 5.529600  
U310                      INVX1           saed90nm_typ_ht 6.451200  
U311                      INVX0           saed90nm_typ_ht 5.529600  
U312                      AO22X1          saed90nm_typ_ht 11.980800 
U313                      INVX1           saed90nm_typ_ht 6.451200  
U314                      INVX0           saed90nm_typ_ht 5.529600  
U315                      INVX0           saed90nm_typ_ht 5.529600  
U316                      INVX0           saed90nm_typ_ht 5.529600  
U317                      INVX0           saed90nm_typ_ht 5.529600  
U318                      INVX0           saed90nm_typ_ht 5.529600  
U319                      INVX0           saed90nm_typ_ht 5.529600  
U320                      INVX0           saed90nm_typ_ht 5.529600  
U321                      INVX0           saed90nm_typ_ht 5.529600  
U322                      INVX0           saed90nm_typ_ht 5.529600  
U323                      INVX0           saed90nm_typ_ht 5.529600  
U324                      AO21X1          saed90nm_typ_ht 10.137600 
U325                      INVX0           saed90nm_typ_ht 5.529600  
U326                      INVX0           saed90nm_typ_ht 5.529600  
U327                      INVX0           saed90nm_typ_ht 5.529600  
U328                      MUX21X1         saed90nm_typ_ht 11.059200 
U329                      MUX21X1         saed90nm_typ_ht 11.059200 
U330                      NAND2X1         saed90nm_typ_ht 5.529600  
U331                      MUX21X1         saed90nm_typ_ht 11.059200 
U332                      INVX0           saed90nm_typ_ht 5.529600  
U333                      INVX0           saed90nm_typ_ht 5.529600  
U334                      INVX0           saed90nm_typ_ht 5.529600  
U335                      INVX0           saed90nm_typ_ht 5.529600  
U336                      INVX0           saed90nm_typ_ht 5.529600  
U337                      INVX0           saed90nm_typ_ht 5.529600  
U338                      INVX0           saed90nm_typ_ht 5.529600  
U339                      INVX0           saed90nm_typ_ht 5.529600  
U340                      INVX0           saed90nm_typ_ht 5.529600  
U341                      INVX0           saed90nm_typ_ht 5.529600  
U342                      INVX0           saed90nm_typ_ht 5.529600  
U343                      INVX0           saed90nm_typ_ht 5.529600  
U344                      AO221X1         saed90nm_typ_ht 12.902400 
U345                      NAND2X1         saed90nm_typ_ht 5.529600  
U346                      INVX0           saed90nm_typ_ht 5.529600  
U347                      INVX0           saed90nm_typ_ht 5.529600  
U348                      INVX0           saed90nm_typ_ht 5.529600  
U349                      INVX0           saed90nm_typ_ht 5.529600  
U350                      INVX0           saed90nm_typ_ht 5.529600  
U351                      INVX0           saed90nm_typ_ht 5.529600  
U352                      INVX0           saed90nm_typ_ht 5.529600  
U353                      INVX0           saed90nm_typ_ht 5.529600  
U354                      INVX0           saed90nm_typ_ht 5.529600  
U355                      INVX0           saed90nm_typ_ht 5.529600  
U356                      INVX0           saed90nm_typ_ht 5.529600  
U357                      INVX0           saed90nm_typ_ht 5.529600  
U358                      INVX0           saed90nm_typ_ht 5.529600  
U359                      INVX0           saed90nm_typ_ht 5.529600  
U360                      INVX0           saed90nm_typ_ht 5.529600  
U361                      INVX0           saed90nm_typ_ht 5.529600  
U362                      INVX0           saed90nm_typ_ht 5.529600  
U363                      INVX0           saed90nm_typ_ht 5.529600  
U364                      INVX0           saed90nm_typ_ht 5.529600  
U365                      INVX0           saed90nm_typ_ht 5.529600  
U366                      INVX0           saed90nm_typ_ht 5.529600  
U367                      OAI21X1         saed90nm_typ_ht 11.059200 
U368                      INVX0           saed90nm_typ_ht 5.529600  
U369                      INVX0           saed90nm_typ_ht 5.529600  
U370                      INVX0           saed90nm_typ_ht 5.529600  
U371                      INVX0           saed90nm_typ_ht 5.529600  
U372                      INVX0           saed90nm_typ_ht 5.529600  
U373                      INVX0           saed90nm_typ_ht 5.529600  
U374                      INVX0           saed90nm_typ_ht 5.529600  
U375                      INVX1           saed90nm_typ_ht 6.451200  
U376                      INVX1           saed90nm_typ_ht 6.451200  
U377                      NAND2X0         saed90nm_typ_ht 5.529600  
U378                      NOR4X0          saed90nm_typ_ht 9.216000  
U379                      NOR4X0          saed90nm_typ_ht 9.216000  
U380                      NAND4X0         saed90nm_typ_ht 8.294400  
U381                      NOR4X0          saed90nm_typ_ht 9.216000  
U382                      NAND4X0         saed90nm_typ_ht 8.294400  
U383                      NAND4X0         saed90nm_typ_ht 8.294400  
U384                      NAND4X0         saed90nm_typ_ht 8.294400  
U385                      NAND4X0         saed90nm_typ_ht 8.294400  
U386                      NOR4X0          saed90nm_typ_ht 9.216000  
U387                      NAND4X0         saed90nm_typ_ht 8.294400  
U388                      AO21X1          saed90nm_typ_ht 10.137600 
U389                      MUX21X1         saed90nm_typ_ht 11.059200 
U390                      MUX21X1         saed90nm_typ_ht 11.059200 
U391                      MUX21X1         saed90nm_typ_ht 11.059200 
U392                      MUX21X1         saed90nm_typ_ht 11.059200 
U393                      MUX21X1         saed90nm_typ_ht 11.059200 
U394                      MUX21X1         saed90nm_typ_ht 11.059200 
U395                      MUX21X1         saed90nm_typ_ht 11.059200 
U396                      MUX21X1         saed90nm_typ_ht 11.059200 
U397                      MUX21X1         saed90nm_typ_ht 11.059200 
U398                      MUX21X1         saed90nm_typ_ht 11.059200 
U399                      MUX21X1         saed90nm_typ_ht 11.059200 
U400                      MUX21X1         saed90nm_typ_ht 11.059200 
U401                      MUX21X1         saed90nm_typ_ht 11.059200 
U402                      MUX21X1         saed90nm_typ_ht 11.059200 
U403                      MUX21X1         saed90nm_typ_ht 11.059200 
U404                      MUX21X1         saed90nm_typ_ht 11.059200 
U405                      MUX21X1         saed90nm_typ_ht 11.059200 
U406                      MUX21X1         saed90nm_typ_ht 11.059200 
U407                      MUX21X1         saed90nm_typ_ht 11.059200 
U408                      MUX21X1         saed90nm_typ_ht 11.059200 
U409                      MUX21X1         saed90nm_typ_ht 11.059200 
U410                      MUX21X1         saed90nm_typ_ht 11.059200 
U411                      MUX21X1         saed90nm_typ_ht 11.059200 
U412                      MUX21X1         saed90nm_typ_ht 11.059200 
U413                      NAND2X1         saed90nm_typ_ht 5.529600  
U414                      NAND2X1         saed90nm_typ_ht 5.529600  
U415                      AO22X1          saed90nm_typ_ht 11.980800 
U416                      NAND3X0         saed90nm_typ_ht 7.372800  
U417                      AO22X1          saed90nm_typ_ht 11.980800 
U418                      AO221X1         saed90nm_typ_ht 12.902400 
U419                      AO22X1          saed90nm_typ_ht 11.980800 
U420                      AO221X1         saed90nm_typ_ht 12.902400 
U421                      AO22X1          saed90nm_typ_ht 11.980800 
U422                      AO221X1         saed90nm_typ_ht 12.902400 
U423                      AO22X1          saed90nm_typ_ht 11.980800 
U424                      AO221X1         saed90nm_typ_ht 12.902400 
U425                      AO22X1          saed90nm_typ_ht 11.980800 
U426                      AO221X1         saed90nm_typ_ht 12.902400 
U427                      AO22X1          saed90nm_typ_ht 11.980800 
U428                      AO221X1         saed90nm_typ_ht 12.902400 
U429                      AO22X1          saed90nm_typ_ht 11.980800 
U430                      AO221X1         saed90nm_typ_ht 12.902400 
U431                      AO221X1         saed90nm_typ_ht 12.902400 
U432                      AO22X1          saed90nm_typ_ht 11.980800 
U433                      AO221X1         saed90nm_typ_ht 12.902400 
U434                      AO22X1          saed90nm_typ_ht 11.980800 
U435                      AO221X1         saed90nm_typ_ht 12.902400 
U436                      AO22X1          saed90nm_typ_ht 11.980800 
U437                      AO221X1         saed90nm_typ_ht 12.902400 
U438                      AO22X1          saed90nm_typ_ht 11.980800 
U439                      AO221X1         saed90nm_typ_ht 12.902400 
U440                      AO22X1          saed90nm_typ_ht 11.980800 
U441                      AO221X1         saed90nm_typ_ht 12.902400 
U442                      AO22X1          saed90nm_typ_ht 11.980800 
U443                      AO221X1         saed90nm_typ_ht 12.902400 
U444                      AO22X1          saed90nm_typ_ht 11.980800 
U445                      AO221X1         saed90nm_typ_ht 12.902400 
U446                      AO22X1          saed90nm_typ_ht 11.980800 
U447                      AO221X1         saed90nm_typ_ht 12.902400 
U448                      AO22X1          saed90nm_typ_ht 11.980800 
U449                      AO221X1         saed90nm_typ_ht 12.902400 
U450                      AO22X1          saed90nm_typ_ht 11.980800 
U451                      AO221X1         saed90nm_typ_ht 12.902400 
U452                      AO221X1         saed90nm_typ_ht 12.902400 
U453                      AO22X1          saed90nm_typ_ht 11.980800 
U454                      AO221X1         saed90nm_typ_ht 12.902400 
U455                      AO22X1          saed90nm_typ_ht 11.980800 
U456                      AO221X1         saed90nm_typ_ht 12.902400 
U457                      AO22X1          saed90nm_typ_ht 11.980800 
U458                      AO221X1         saed90nm_typ_ht 12.902400 
U459                      AO22X1          saed90nm_typ_ht 11.980800 
U460                      AO221X1         saed90nm_typ_ht 12.902400 
U461                      AO22X1          saed90nm_typ_ht 11.980800 
U462                      AO221X1         saed90nm_typ_ht 12.902400 
U463                      AO22X1          saed90nm_typ_ht 11.980800 
U464                      AO221X1         saed90nm_typ_ht 12.902400 
U465                      AO22X1          saed90nm_typ_ht 11.980800 
U466                      AO221X1         saed90nm_typ_ht 12.902400 
U467                      AO22X1          saed90nm_typ_ht 11.980800 
U468                      AO221X1         saed90nm_typ_ht 12.902400 
U469                      AO221X1         saed90nm_typ_ht 12.902400 
U470                      AO22X1          saed90nm_typ_ht 11.980800 
U471                      AO221X1         saed90nm_typ_ht 12.902400 
U472                      AO22X1          saed90nm_typ_ht 11.980800 
U473                      AO221X1         saed90nm_typ_ht 12.902400 
U474                      AO221X1         saed90nm_typ_ht 12.902400 
U475                      MUX21X1         saed90nm_typ_ht 11.059200 
U476                      MUX21X1         saed90nm_typ_ht 11.059200 
U477                      MUX21X1         saed90nm_typ_ht 11.059200 
U478                      MUX21X1         saed90nm_typ_ht 11.059200 
U479                      MUX21X1         saed90nm_typ_ht 11.059200 
U480                      MUX21X1         saed90nm_typ_ht 11.059200 
U481                      MUX21X1         saed90nm_typ_ht 11.059200 
U482                      MUX21X1         saed90nm_typ_ht 11.059200 
U483                      MUX21X1         saed90nm_typ_ht 11.059200 
U484                      MUX21X1         saed90nm_typ_ht 11.059200 
U485                      MUX21X1         saed90nm_typ_ht 11.059200 
U486                      MUX21X1         saed90nm_typ_ht 11.059200 
U487                      MUX21X1         saed90nm_typ_ht 11.059200 
U488                      MUX21X1         saed90nm_typ_ht 11.059200 
U489                      MUX21X1         saed90nm_typ_ht 11.059200 
U490                      MUX21X1         saed90nm_typ_ht 11.059200 
U491                      MUX21X1         saed90nm_typ_ht 11.059200 
U492                      MUX21X1         saed90nm_typ_ht 11.059200 
U493                      MUX21X1         saed90nm_typ_ht 11.059200 
U494                      MUX21X1         saed90nm_typ_ht 11.059200 
U495                      MUX21X1         saed90nm_typ_ht 11.059200 
U496                      MUX21X1         saed90nm_typ_ht 11.059200 
U497                      MUX21X1         saed90nm_typ_ht 11.059200 
U498                      MUX21X1         saed90nm_typ_ht 11.059200 
U499                      MUX21X1         saed90nm_typ_ht 11.059200 
U500                      MUX21X1         saed90nm_typ_ht 11.059200 
add_24                    boothMultiplier_DW01_add_1      2316.902436
                                                                    BO, h
count_reg[0]              DFFX1           saed90nm_typ_ht 24.883200 n
count_reg[1]              DFFX1           saed90nm_typ_ht 24.883200 n
count_reg[2]              DFFX1           saed90nm_typ_ht 24.883200 n
count_reg[3]              DFFX1           saed90nm_typ_ht 24.883200 n
count_reg[4]              DFFX1           saed90nm_typ_ht 24.883200 n
count_reg[5]              DFFX1           saed90nm_typ_ht 24.883200 n
count_reg[6]              DFFX1           saed90nm_typ_ht 24.883200 n
count_reg[7]              DFFX1           saed90nm_typ_ht 24.883200 n
count_reg[8]              DFFX1           saed90nm_typ_ht 24.883200 n
count_reg[9]              DFFX1           saed90nm_typ_ht 24.883200 n
count_reg[10]             DFFX1           saed90nm_typ_ht 24.883200 n
count_reg[11]             DFFX1           saed90nm_typ_ht 24.883200 n
count_reg[12]             DFFX1           saed90nm_typ_ht 24.883200 n
count_reg[13]             DFFX1           saed90nm_typ_ht 24.883200 n
count_reg[14]             DFFX1           saed90nm_typ_ht 24.883200 n
count_reg[15]             DFFX1           saed90nm_typ_ht 24.883200 n
count_reg[16]             DFFX1           saed90nm_typ_ht 24.883200 n
count_reg[17]             DFFX1           saed90nm_typ_ht 24.883200 n
count_reg[18]             DFFX1           saed90nm_typ_ht 24.883200 n
count_reg[19]             DFFX1           saed90nm_typ_ht 24.883200 n
count_reg[20]             DFFX1           saed90nm_typ_ht 24.883200 n
count_reg[21]             DFFX1           saed90nm_typ_ht 24.883200 n
count_reg[22]             DFFX1           saed90nm_typ_ht 24.883200 n
count_reg[23]             DFFX1           saed90nm_typ_ht 24.883200 n
count_reg[24]             DFFX1           saed90nm_typ_ht 24.883200 n
count_reg[25]             DFFX1           saed90nm_typ_ht 24.883200 n
count_reg[26]             DFFX1           saed90nm_typ_ht 24.883200 n
count_reg[27]             DFFX1           saed90nm_typ_ht 24.883200 n
count_reg[28]             DFFX1           saed90nm_typ_ht 24.883200 n
count_reg[29]             DFFX1           saed90nm_typ_ht 24.883200 n
count_reg[30]             DFFX1           saed90nm_typ_ht 24.883200 n
count_reg[31]             DFFX1           saed90nm_typ_ht 24.883200 n
overFlow_reg              DFFX1           saed90nm_typ_ht 24.883200 n
result_reg[0]             DFFX1           saed90nm_typ_ht 24.883200 n
result_reg[1]             DFFX1           saed90nm_typ_ht 24.883200 n
result_reg[2]             DFFX1           saed90nm_typ_ht 24.883200 n
result_reg[3]             DFFX1           saed90nm_typ_ht 24.883200 n
result_reg[4]             DFFX1           saed90nm_typ_ht 24.883200 n
result_reg[5]             DFFX1           saed90nm_typ_ht 24.883200 n
result_reg[6]             DFFX1           saed90nm_typ_ht 24.883200 n
result_reg[7]             DFFX1           saed90nm_typ_ht 24.883200 n
result_reg[8]             DFFX1           saed90nm_typ_ht 24.883200 n
result_reg[9]             DFFX1           saed90nm_typ_ht 24.883200 n
result_reg[10]            DFFX1           saed90nm_typ_ht 24.883200 n
result_reg[11]            DFFX1           saed90nm_typ_ht 24.883200 n
result_reg[12]            DFFX1           saed90nm_typ_ht 24.883200 n
result_reg[13]            DFFX1           saed90nm_typ_ht 24.883200 n
result_reg[14]            DFFX1           saed90nm_typ_ht 24.883200 n
result_reg[15]            DFFX1           saed90nm_typ_ht 24.883200 n
result_reg[16]            DFFX1           saed90nm_typ_ht 24.883200 n
result_reg[17]            DFFX1           saed90nm_typ_ht 24.883200 n
result_reg[18]            DFFX1           saed90nm_typ_ht 24.883200 n
result_reg[19]            DFFX1           saed90nm_typ_ht 24.883200 n
result_reg[20]            DFFX1           saed90nm_typ_ht 24.883200 n
result_reg[21]            DFFX1           saed90nm_typ_ht 24.883200 n
result_reg[22]            DFFX1           saed90nm_typ_ht 24.883200 n
result_reg[23]            DFFX1           saed90nm_typ_ht 24.883200 n
result_reg[24]            DFFX1           saed90nm_typ_ht 24.883200 n
result_reg[25]            DFFX1           saed90nm_typ_ht 24.883200 n
result_reg[26]            DFFX1           saed90nm_typ_ht 24.883200 n
result_reg[27]            DFFX1           saed90nm_typ_ht 24.883200 n
result_reg[28]            DFFX1           saed90nm_typ_ht 24.883200 n
result_reg[29]            DFFX1           saed90nm_typ_ht 24.883200 n
result_reg[30]            DFFX1           saed90nm_typ_ht 24.883200 n
result_reg[31]            DFFX1           saed90nm_typ_ht 24.883200 n
result_reg[32]            DFFX1           saed90nm_typ_ht 24.883200 n
result_reg[33]            DFFX1           saed90nm_typ_ht 24.883200 n
result_reg[34]            DFFX1           saed90nm_typ_ht 24.883200 n
result_reg[35]            DFFX1           saed90nm_typ_ht 24.883200 n
result_reg[36]            DFFX1           saed90nm_typ_ht 24.883200 n
result_reg[37]            DFFX1           saed90nm_typ_ht 24.883200 n
result_reg[38]            DFFX1           saed90nm_typ_ht 24.883200 n
result_reg[39]            DFFX1           saed90nm_typ_ht 24.883200 n
result_reg[40]            DFFX1           saed90nm_typ_ht 24.883200 n
result_reg[41]            DFFX1           saed90nm_typ_ht 24.883200 n
result_reg[42]            DFFX1           saed90nm_typ_ht 24.883200 n
result_reg[43]            DFFX1           saed90nm_typ_ht 24.883200 n
result_reg[44]            DFFX1           saed90nm_typ_ht 24.883200 n
result_reg[45]            DFFX1           saed90nm_typ_ht 24.883200 n
result_reg[46]            DFFX1           saed90nm_typ_ht 24.883200 n
result_reg[47]            DFFX1           saed90nm_typ_ht 24.883200 n
result_reg[48]            DFFX1           saed90nm_typ_ht 24.883200 n
result_reg[49]            DFFX1           saed90nm_typ_ht 24.883200 n
result_reg[50]            DFFX1           saed90nm_typ_ht 24.883200 n
result_reg[51]            DFFX1           saed90nm_typ_ht 24.883200 n
result_reg[52]            DFFX1           saed90nm_typ_ht 24.883200 n
result_reg[53]            DFFX1           saed90nm_typ_ht 24.883200 n
result_reg[54]            DFFX1           saed90nm_typ_ht 24.883200 n
result_reg[55]            DFFX1           saed90nm_typ_ht 24.883200 n
result_reg[56]            DFFX1           saed90nm_typ_ht 24.883200 n
result_reg[57]            DFFX1           saed90nm_typ_ht 24.883200 n
result_reg[58]            DFFX1           saed90nm_typ_ht 24.883200 n
result_reg[59]            DFFX1           saed90nm_typ_ht 24.883200 n
result_reg[60]            DFFX1           saed90nm_typ_ht 24.883200 n
result_reg[61]            DFFX1           saed90nm_typ_ht 24.883200 n
result_reg[62]            DFFX1           saed90nm_typ_ht 24.883200 n
result_reg[63]            DFFX1           saed90nm_typ_ht 24.883200 n
sub_27                    boothMultiplier_DW01_sub_1      2665.267248
                                                                    BO, h
sub_35                    boothMultiplier_DW01_dec_1      883.814419
                                                                    BO, h
--------------------------------------------------------------------------------
Total 444 cells                                           12716.236848
1
